// Jest Snapshot v1, https://goo.gl/fbAQLP

exports[`MiniProfile should render correctly 1`] = `
<div
  className="card mini-profile"
>
  <div
    className="card-content"
  >
    <div
      className="media"
    >
      <div
        className="media-left"
      >
        <figure
          className="image is-48x48"
        >
          <img
            alt=""
            src="testImageUrl"
          />
        </figure>
      </div>
      <div
        className="media-content"
      >
        <p
          className="title is-5"
        >
          Test User
        </p>
        <p
          className="subtitle is-6"
        >
          miniprofileuser
        </p>
      </div>
    </div>
  </div>
</div>
`;
